Starting run "12-camp-01-sequence-depth" (early-stop: epsilon=0.0005, patience=4, wall_clock_sec=3600.0, step_cap=50)
Injected 8 prior-run findings into task_desc from /home/artur/agentml/aide_task/findings.jsonl
Injected causal lessons from prior runs (/home/artur/agentml/aide_task/lessons.jsonl)
Injected 6232 chars of research notes into task_desc from /home/artur/agentml/aide_task/research_notes.md
Injected run directive (1155 chars) from /home/artur/agentml/aide_task/directives/01-sequence-depth.md
Preparing agent workspace (copying and extracting files) ...
Seeding journal with official FM baseline from baseline_seed_code.py ...
  baseline seed was marked buggy by the review model despite running cleanly and printing primary=0.6015 - restoring it as the search anchor
  baseline seed: is_buggy=False metric=Metric↑(0.6015)
Verification workspace ready at /home/artur/agentml/aide_task/logs/12-camp-01-sequence-depth/_verify_workspace (re-checks every new-best candidate against valid.csv only)
  [reflect] real_loss (-0.0079): In this FM, any history that is a function of (user, time) only is constant within a user on valid and can reorder items only via hist×item interactio
/home/artur/.venvs/agentml-aide/lib/python3.12/site-packages/aide/utils/tree_export.py:34: RuntimeWarning: invalid value encountered in divide
  layout = (layout - layout.min(axis=0)) / (layout.max(axis=0) - layout.min(axis=0))
  candidate for new best (primary=0.6015) - re-executing in isolation to verify...
  verification: PASSED - verified: recomputed primary 0.6015 matches recorded 0.6015
[step 2/50] best_so_far=0.6015 elapsed=566s | новый лучший результат (проверено)
  [reflect] within_noise (+0.0011): Treat 3-seed prediction-averaging as a variance-reduction floor to apply to every candidate, not as a source of signal — read its valid-metric delta a
  candidate for new best (primary=0.6026) - re-executing in isolation to verify...
  verification: PASSED - verified: recomputed primary 0.6026 matches recorded 0.6026
[step 3/50] best_so_far=0.6026 elapsed=853s | новый лучший результат (проверено)
  [reflect] within_noise (+0.0017): In this FM, sharing the target's embedding table is the necessary and correct way to make history fields target-aware (breaking user-constancy), but a
  candidate for new best (primary=0.6043) - re-executing in isolation to verify...
  verification: PASSED - verified: recomputed primary 0.6043 matches recorded 0.6043
[step 4/50] best_so_far=0.6043 elapsed=1483s | новый лучший результат (проверено)
  [reflect] within_noise (+0.0002): In this FM architecture, history slots share the video_id embedding space, so adding more slots does not add new representational capacity—it only add
[step 5/50] best_so_far=0.6043 elapsed=1929s | без значимого прироста (1/4)
  [reflect] within_noise (-0.0010): In this FM, structural decoupling of embedding rows (shared vs. separate block for history) is a no-op for within-user ranking because the FM's dot pr
[step 6/50] best_so_far=0.6043 elapsed=2395s | без значимого прироста (2/4)
[step 7/50] best_so_far=0.6043 elapsed=2601s | без значимого прироста (3/4)
  merge step (1/2): combining the distinct improvements of the top candidates ...
  merge result: is_buggy=False metric=Metric↑(0.6048)
  candidate for new best (primary=0.6048) - re-executing in isolation to verify...
  verification: PASSED - verified: recomputed primary 0.6048 matches recorded 0.6048
[step 9/50] best_so_far=0.6048 elapsed=3336s | новый лучший результат (проверено)
  [reflect] within_noise (-0.0017): In this FM with shared video_id embeddings, the symmetric dot product is sufficient for target–history interaction; the binding constraint is the hist
[step 10/50] best_so_far=0.6048 elapsed=4101s | без значимого прироста (1/4)

Run stopped: wall-clock ceiling 3600.0s reached at step 10
Best validation metric: 0.6048

Attempting automated ensemble of diverse good candidates...
  ensemble step skipped: only 1 distinct npy-compatible good node(s) available (need >=2)
Appended finding to /home/artur/agentml/aide_task/findings.jsonl for future runs
Generating final report from journal...
Report written to file: /home/artur/agentml/aide_task/logs/12-camp-01-sequence-depth/report.md
