Starting run "6-kuairand-pure-run1" (early-stop: epsilon=0.002, patience=3, wall_clock_sec=21600, step_cap=50)
Injected 8 prior-run findings into task_desc from /home/artur/agentml/aide_task/findings.jsonl
Injected 3260 chars of research notes into task_desc from /home/artur/agentml/aide_task/research_notes.md
Preparing agent workspace (copying and extracting files) ...
Seeding journal with official FM baseline from baseline_seed_code.py ...
  baseline seed: is_buggy=False metric=Metric↑(0.6015)
Verification workspace ready at /home/artur/agentml/aide_task/logs/6-kuairand-pure-run1/_verify_workspace (re-checks every new-best candidate against valid.csv only)
/home/artur/.venvs/agentml-aide/lib/python3.12/site-packages/aide/utils/tree_export.py:34: RuntimeWarning: invalid value encountered in divide
  layout = (layout - layout.min(axis=0)) / (layout.max(axis=0) - layout.min(axis=0))
  candidate for new best (primary=0.6015) - re-executing in isolation to verify...
  verification: PASSED - verified: recomputed primary 0.6015 matches recorded 0.6015
[step 2/50] best_so_far=0.6015 elapsed=1294s | новый лучший результат (проверено)
/home/artur/.venvs/agentml-aide/lib/python3.12/site-packages/aide/utils/tree_export.py:34: RuntimeWarning: invalid value encountered in divide
  layout = (layout - layout.min(axis=0)) / (layout.max(axis=0) - layout.min(axis=0))
[step 3/50] best_so_far=0.6015 elapsed=2839s | без прироста, но ещё в фазе обязательных черновиков (3/5) - в bad_steps не считается
[step 4/50] best_so_far=0.6015 elapsed=5138s | без прироста, но ещё в фазе обязательных черновиков (4/5) - в bad_steps не считается
Traceback (most recent call last):
  File "/home/artur/agentml/aide_task/run_with_early_stop.py", line 904, in <module>
    main()
  File "/home/artur/agentml/aide_task/run_with_early_stop.py", line 785, in main
    agent.step(exec_callback=interpreter.run)
  File "/home/artur/.venvs/agentml-aide/lib/python3.12/site-packages/aide/agent.py", line 290, in step
    self.parse_exec_result(
  File "/home/artur/.venvs/agentml-aide/lib/python3.12/site-packages/aide/agent.py", line 324, in parse_exec_result
    if not isinstance(response["metric"], float):
                      ~~~~~~~~^^^^^^^^^^
TypeError: string indices must be integers, not 'str'
