Starting run "9-kuairand-pure-run1" (early-stop: epsilon=0.002, patience=3, wall_clock_sec=21600, step_cap=50)
Injected 8 prior-run findings into task_desc from /home/artur/agentml/aide_task/findings.jsonl
Injected 3260 chars of research notes into task_desc from /home/artur/agentml/aide_task/research_notes.md
Preparing agent workspace (copying and extracting files) ...
Seeding journal with official FM baseline from baseline_seed_code.py ...
  baseline seed: is_buggy=False metric=Metric↑(0.6015)
Verification workspace ready at /home/artur/agentml/aide_task/logs/9-kuairand-pure-run1/_verify_workspace (re-checks every new-best candidate against valid.csv only)
  [diff-improve] patch attempt 1/3 failed: SEARCH block not found verbatim in code (first 150 chars): 'def run_fm(k=16, lr=0.001, epochs=40, bs=8192, patience=4, seed=0, verbose=True):\n    (Xtr, ytr), (Xva, yva, uva), Xte, dim, test_df = load_and_encode' - retrying...
/home/artur/.venvs/agentml-aide/lib/python3.12/site-packages/aide/utils/tree_export.py:34: RuntimeWarning: invalid value encountered in divide
  layout = (layout - layout.min(axis=0)) / (layout.max(axis=0) - layout.min(axis=0))
  candidate for new best (primary=0.6026) - re-executing in isolation to verify...
  verification: PASSED - verified: recomputed primary 0.6026 matches recorded 0.6026
[step 2/50] best_so_far=0.6026 elapsed=187s | новый лучший результат (проверено)
/home/artur/.venvs/agentml-aide/lib/python3.12/site-packages/aide/utils/tree_export.py:34: RuntimeWarning: invalid value encountered in divide
  layout = (layout - layout.min(axis=0)) / (layout.max(axis=0) - layout.min(axis=0))
[step 3/50] best_so_far=0.6026 elapsed=398s | без значимого прироста (1/3)
[step 4/50] best_so_far=0.6026 elapsed=537s | без значимого прироста (2/3)
[step 5/50] best_so_far=0.6026 elapsed=684s | без значимого прироста (3/3)

Run stopped: plateau: no improvement > 0.002 over last 3 consecutive iterations (stopped at step 5)
Best validation metric: 0.6026

Attempting automated ensemble of diverse good candidates...
  ensemble step skipped: only 1 distinct npy-compatible good node(s) available (need >=2)
Appended finding to /home/artur/agentml/aide_task/findings.jsonl for future runs
Generating final report from journal...
Report written to file: /home/artur/agentml/aide_task/logs/9-kuairand-pure-run1/report.md
