Starting run "11-smoke-merge" (early-stop: epsilon=0.0005, patience=2, wall_clock_sec=900.0, step_cap=50)
Injected 8 prior-run findings into task_desc from /home/artur/agentml/aide_task/findings.jsonl
Injected 3260 chars of research notes into task_desc from /home/artur/agentml/aide_task/research_notes.md
Injected run directive (1155 chars) from directives/01-sequence-depth.md
Preparing agent workspace (copying and extracting files) ...
Seeding journal with official FM baseline from baseline_seed_code.py ...
  baseline seed: is_buggy=False metric=Metric↑(0.6015)
Verification workspace ready at /home/artur/agentml/aide_task/logs/11-smoke-merge/_verify_workspace (re-checks every new-best candidate against valid.csv only)
/home/artur/.venvs/agentml-aide/lib/python3.12/site-packages/aide/utils/tree_export.py:34: RuntimeWarning: invalid value encountered in divide
  layout = (layout - layout.min(axis=0)) / (layout.max(axis=0) - layout.min(axis=0))
  candidate for new best (primary=0.6015) - re-executing in isolation to verify...
  verification: PASSED - verified: recomputed primary 0.6015 matches recorded 0.6015
[step 2/50] best_so_far=0.6015 elapsed=297s | новый лучший результат (проверено)
[21:59:01] WARNING  Execution exceeded timeout of 900s        interpreter.py:272
[step 3/50] best_so_far=0.6015 elapsed=1521s | без значимого прироста (1/2)

Run stopped: wall-clock ceiling 900.0s reached at step 3
Best validation metric: 0.6015

Attempting automated ensemble of diverse good candidates...
  ensemble step skipped: only 1 distinct npy-compatible good node(s) available (need >=2)
Appended finding to /home/artur/agentml/aide_task/findings.jsonl for future runs
Generating final report from journal...
Report written to file: /home/artur/agentml/aide_task/logs/11-smoke-merge/report.md
